I'm sorry, but errors were detected in your script. Please correct the
errors listed below, and try again.


File "game/scripts/scene04R2a.rpy", line 189: expected menuitem
    $ extra = True
    ^

Ren'Py Version: Ren'Py 7.4.11.2266
Sat Jun 18 22:17:41 2022
